03/20/14T23:05:59
available: 2 nodes (0-1)
node 0 cpus: 0 2 4 6 8 10 12 14 16 18 20 22
node 0 size: 18386 MB
node 0 free: 16804 MB
node 1 cpus: 1 3 5 7 9 11 13 15 17 19 21 23
node 1 size: 18432 MB
node 1 free: 15554 MB
node distances:
node   0   1 
  0:  10  20 
  1:  20  10 
03/20/14T23:06:19
available: 2 nodes (0-1)
node 0 cpus: 0 2 4 6 8 10 12 14 16 18 20 22
node 0 size: 18386 MB
node 0 free: 16778 MB
node 1 cpus: 1 3 5 7 9 11 13 15 17 19 21 23
node 1 size: 18432 MB
node 1 free: 15545 MB
node distances:
node   0   1 
  0:  10  20 
  1:  20  10 
03/20/14T23:06:39
available: 2 nodes (0-1)
node 0 cpus: 0 2 4 6 8 10 12 14 16 18 20 22
node 0 size: 18386 MB
node 0 free: 16779 MB
node 1 cpus: 1 3 5 7 9 11 13 15 17 19 21 23
node 1 size: 18432 MB
node 1 free: 15545 MB
node distances:
node   0   1 
  0:  10  20 
  1:  20  10 
03/20/14T23:06:59
available: 2 nodes (0-1)
node 0 cpus: 0 2 4 6 8 10 12 14 16 18 20 22
node 0 size: 18386 MB
node 0 free: 16781 MB
node 1 cpus: 1 3 5 7 9 11 13 15 17 19 21 23
node 1 size: 18432 MB
node 1 free: 15546 MB
node distances:
node   0   1 
  0:  10  20 
  1:  20  10 
03/20/14T23:07:19
available: 2 nodes (0-1)
node 0 cpus: 0 2 4 6 8 10 12 14 16 18 20 22
node 0 size: 18386 MB
node 0 free: 16778 MB
node 1 cpus: 1 3 5 7 9 11 13 15 17 19 21 23
node 1 size: 18432 MB
node 1 free: 15543 MB
node distances:
node   0   1 
  0:  10  20 
  1:  20  10 
03/20/14T23:07:39
available: 2 nodes (0-1)
node 0 cpus: 0 2 4 6 8 10 12 14 16 18 20 22
node 0 size: 18386 MB
node 0 free: 16776 MB
node 1 cpus: 1 3 5 7 9 11 13 15 17 19 21 23
node 1 size: 18432 MB
node 1 free: 15543 MB
node distances:
node   0   1 
  0:  10  20 
  1:  20  10 
