06/18/14T22:18:49
available: 2 nodes (0-1)
node 0 cpus: 0 2 4 6 8 10 12 14 16 18 20 22
node 0 size: 18386 MB
node 0 free: 4563 MB
node 1 cpus: 1 3 5 7 9 11 13 15 17 19 21 23
node 1 size: 18432 MB
node 1 free: 8899 MB
node distances:
node   0   1 
  0:  10  20 
  1:  20  10 
06/18/14T22:19:09
available: 2 nodes (0-1)
node 0 cpus: 0 2 4 6 8 10 12 14 16 18 20 22
node 0 size: 18386 MB
node 0 free: 4538 MB
node 1 cpus: 1 3 5 7 9 11 13 15 17 19 21 23
node 1 size: 18432 MB
node 1 free: 8885 MB
node distances:
node   0   1 
  0:  10  20 
  1:  20  10 
06/18/14T22:19:29
available: 2 nodes (0-1)
node 0 cpus: 0 2 4 6 8 10 12 14 16 18 20 22
node 0 size: 18386 MB
node 0 free: 4539 MB
node 1 cpus: 1 3 5 7 9 11 13 15 17 19 21 23
node 1 size: 18432 MB
node 1 free: 8886 MB
node distances:
node   0   1 
  0:  10  20 
  1:  20  10 
06/18/14T22:19:49
available: 2 nodes (0-1)
node 0 cpus: 0 2 4 6 8 10 12 14 16 18 20 22
node 0 size: 18386 MB
node 0 free: 4540 MB
node 1 cpus: 1 3 5 7 9 11 13 15 17 19 21 23
node 1 size: 18432 MB
node 1 free: 8888 MB
node distances:
node   0   1 
  0:  10  20 
  1:  20  10 
06/18/14T22:20:09
available: 2 nodes (0-1)
node 0 cpus: 0 2 4 6 8 10 12 14 16 18 20 22
node 0 size: 18386 MB
node 0 free: 4541 MB
node 1 cpus: 1 3 5 7 9 11 13 15 17 19 21 23
node 1 size: 18432 MB
node 1 free: 8886 MB
node distances:
node   0   1 
  0:  10  20 
  1:  20  10 
06/18/14T22:20:29
available: 2 nodes (0-1)
node 0 cpus: 0 2 4 6 8 10 12 14 16 18 20 22
node 0 size: 18386 MB
node 0 free: 4540 MB
node 1 cpus: 1 3 5 7 9 11 13 15 17 19 21 23
node 1 size: 18432 MB
node 1 free: 8886 MB
node distances:
node   0   1 
  0:  10  20 
  1:  20  10 
06/18/14T22:20:49
available: 2 nodes (0-1)
node 0 cpus: 0 2 4 6 8 10 12 14 16 18 20 22
node 0 size: 18386 MB
node 0 free: 4540 MB
node 1 cpus: 1 3 5 7 9 11 13 15 17 19 21 23
node 1 size: 18432 MB
node 1 free: 8887 MB
node distances:
node   0   1 
  0:  10  20 
  1:  20  10 
06/18/14T22:21:09
available: 2 nodes (0-1)
node 0 cpus: 0 2 4 6 8 10 12 14 16 18 20 22
node 0 size: 18386 MB
node 0 free: 4539 MB
node 1 cpus: 1 3 5 7 9 11 13 15 17 19 21 23
node 1 size: 18432 MB
node 1 free: 8887 MB
node distances:
node   0   1 
  0:  10  20 
  1:  20  10 
06/18/14T22:21:29
available: 2 nodes (0-1)
node 0 cpus: 0 2 4 6 8 10 12 14 16 18 20 22
node 0 size: 18386 MB
node 0 free: 4540 MB
node 1 cpus: 1 3 5 7 9 11 13 15 17 19 21 23
node 1 size: 18432 MB
node 1 free: 8888 MB
node distances:
node   0   1 
  0:  10  20 
  1:  20  10 
06/18/14T22:21:49
available: 2 nodes (0-1)
node 0 cpus: 0 2 4 6 8 10 12 14 16 18 20 22
node 0 size: 18386 MB
node 0 free: 4539 MB
node 1 cpus: 1 3 5 7 9 11 13 15 17 19 21 23
node 1 size: 18432 MB
node 1 free: 8888 MB
node distances:
node   0   1 
  0:  10  20 
  1:  20  10 
06/18/14T22:22:09
available: 2 nodes (0-1)
node 0 cpus: 0 2 4 6 8 10 12 14 16 18 20 22
node 0 size: 18386 MB
node 0 free: 4540 MB
node 1 cpus: 1 3 5 7 9 11 13 15 17 19 21 23
node 1 size: 18432 MB
node 1 free: 8886 MB
node distances:
node   0   1 
  0:  10  20 
  1:  20  10 
06/18/14T22:22:29
available: 2 nodes (0-1)
node 0 cpus: 0 2 4 6 8 10 12 14 16 18 20 22
node 0 size: 18386 MB
node 0 free: 4539 MB
node 1 cpus: 1 3 5 7 9 11 13 15 17 19 21 23
node 1 size: 18432 MB
node 1 free: 8887 MB
node distances:
node   0   1 
  0:  10  20 
  1:  20  10 
06/18/14T22:22:49
available: 2 nodes (0-1)
node 0 cpus: 0 2 4 6 8 10 12 14 16 18 20 22
node 0 size: 18386 MB
node 0 free: 4540 MB
node 1 cpus: 1 3 5 7 9 11 13 15 17 19 21 23
node 1 size: 18432 MB
node 1 free: 8887 MB
node distances:
node   0   1 
  0:  10  20 
  1:  20  10 
06/18/14T22:23:09
available: 2 nodes (0-1)
node 0 cpus: 0 2 4 6 8 10 12 14 16 18 20 22
node 0 size: 18386 MB
node 0 free: 4540 MB
node 1 cpus: 1 3 5 7 9 11 13 15 17 19 21 23
node 1 size: 18432 MB
node 1 free: 8887 MB
node distances:
node   0   1 
  0:  10  20 
  1:  20  10 
06/18/14T22:23:29
available: 2 nodes (0-1)
node 0 cpus: 0 2 4 6 8 10 12 14 16 18 20 22
node 0 size: 18386 MB
node 0 free: 4539 MB
node 1 cpus: 1 3 5 7 9 11 13 15 17 19 21 23
node 1 size: 18432 MB
node 1 free: 8887 MB
node distances:
node   0   1 
  0:  10  20 
  1:  20  10 
06/18/14T22:23:49
available: 2 nodes (0-1)
node 0 cpus: 0 2 4 6 8 10 12 14 16 18 20 22
node 0 size: 18386 MB
node 0 free: 4540 MB
node 1 cpus: 1 3 5 7 9 11 13 15 17 19 21 23
node 1 size: 18432 MB
node 1 free: 8887 MB
node distances:
node   0   1 
  0:  10  20 
  1:  20  10 
06/18/14T22:24:09
available: 2 nodes (0-1)
node 0 cpus: 0 2 4 6 8 10 12 14 16 18 20 22
node 0 size: 18386 MB
node 0 free: 4539 MB
node 1 cpus: 1 3 5 7 9 11 13 15 17 19 21 23
node 1 size: 18432 MB
node 1 free: 8886 MB
node distances:
node   0   1 
  0:  10  20 
  1:  20  10 
06/18/14T22:24:29
available: 2 nodes (0-1)
node 0 cpus: 0 2 4 6 8 10 12 14 16 18 20 22
node 0 size: 18386 MB
node 0 free: 4539 MB
node 1 cpus: 1 3 5 7 9 11 13 15 17 19 21 23
node 1 size: 18432 MB
node 1 free: 8886 MB
node distances:
node   0   1 
  0:  10  20 
  1:  20  10 
06/18/14T22:24:49
available: 2 nodes (0-1)
node 0 cpus: 0 2 4 6 8 10 12 14 16 18 20 22
node 0 size: 18386 MB
node 0 free: 4539 MB
node 1 cpus: 1 3 5 7 9 11 13 15 17 19 21 23
node 1 size: 18432 MB
node 1 free: 8886 MB
node distances:
node   0   1 
  0:  10  20 
  1:  20  10 
06/18/14T22:25:09
available: 2 nodes (0-1)
node 0 cpus: 0 2 4 6 8 10 12 14 16 18 20 22
node 0 size: 18386 MB
node 0 free: 4539 MB
node 1 cpus: 1 3 5 7 9 11 13 15 17 19 21 23
node 1 size: 18432 MB
node 1 free: 8887 MB
node distances:
node   0   1 
  0:  10  20 
  1:  20  10 
06/18/14T22:25:29
available: 2 nodes (0-1)
node 0 cpus: 0 2 4 6 8 10 12 14 16 18 20 22
node 0 size: 18386 MB
node 0 free: 4537 MB
node 1 cpus: 1 3 5 7 9 11 13 15 17 19 21 23
node 1 size: 18432 MB
node 1 free: 8887 MB
node distances:
node   0   1 
  0:  10  20 
  1:  20  10 
06/18/14T22:25:49
available: 2 nodes (0-1)
node 0 cpus: 0 2 4 6 8 10 12 14 16 18 20 22
node 0 size: 18386 MB
node 0 free: 4538 MB
node 1 cpus: 1 3 5 7 9 11 13 15 17 19 21 23
node 1 size: 18432 MB
node 1 free: 8887 MB
node distances:
node   0   1 
  0:  10  20 
  1:  20  10 
06/18/14T22:26:09
available: 2 nodes (0-1)
node 0 cpus: 0 2 4 6 8 10 12 14 16 18 20 22
node 0 size: 18386 MB
node 0 free: 4537 MB
node 1 cpus: 1 3 5 7 9 11 13 15 17 19 21 23
node 1 size: 18432 MB
node 1 free: 8886 MB
node distances:
node   0   1 
  0:  10  20 
  1:  20  10 
06/18/14T22:26:29
available: 2 nodes (0-1)
node 0 cpus: 0 2 4 6 8 10 12 14 16 18 20 22
node 0 size: 18386 MB
node 0 free: 4539 MB
node 1 cpus: 1 3 5 7 9 11 13 15 17 19 21 23
node 1 size: 18432 MB
node 1 free: 8886 MB
node distances:
node   0   1 
  0:  10  20 
  1:  20  10 
06/18/14T22:26:49
available: 2 nodes (0-1)
node 0 cpus: 0 2 4 6 8 10 12 14 16 18 20 22
node 0 size: 18386 MB
node 0 free: 4539 MB
node 1 cpus: 1 3 5 7 9 11 13 15 17 19 21 23
node 1 size: 18432 MB
node 1 free: 8887 MB
node distances:
node   0   1 
  0:  10  20 
  1:  20  10 
06/18/14T22:27:09
available: 2 nodes (0-1)
node 0 cpus: 0 2 4 6 8 10 12 14 16 18 20 22
node 0 size: 18386 MB
node 0 free: 4538 MB
node 1 cpus: 1 3 5 7 9 11 13 15 17 19 21 23
node 1 size: 18432 MB
node 1 free: 8886 MB
node distances:
node   0   1 
  0:  10  20 
  1:  20  10 
06/18/14T22:27:29
available: 2 nodes (0-1)
node 0 cpus: 0 2 4 6 8 10 12 14 16 18 20 22
node 0 size: 18386 MB
node 0 free: 4537 MB
node 1 cpus: 1 3 5 7 9 11 13 15 17 19 21 23
node 1 size: 18432 MB
node 1 free: 8887 MB
node distances:
node   0   1 
  0:  10  20 
  1:  20  10 
06/18/14T22:27:49
available: 2 nodes (0-1)
node 0 cpus: 0 2 4 6 8 10 12 14 16 18 20 22
node 0 size: 18386 MB
node 0 free: 4538 MB
node 1 cpus: 1 3 5 7 9 11 13 15 17 19 21 23
node 1 size: 18432 MB
node 1 free: 8886 MB
node distances:
node   0   1 
  0:  10  20 
  1:  20  10 
06/18/14T22:28:09
available: 2 nodes (0-1)
node 0 cpus: 0 2 4 6 8 10 12 14 16 18 20 22
node 0 size: 18386 MB
node 0 free: 4536 MB
node 1 cpus: 1 3 5 7 9 11 13 15 17 19 21 23
node 1 size: 18432 MB
node 1 free: 8887 MB
node distances:
node   0   1 
  0:  10  20 
  1:  20  10 
06/18/14T22:28:29
available: 2 nodes (0-1)
node 0 cpus: 0 2 4 6 8 10 12 14 16 18 20 22
node 0 size: 18386 MB
node 0 free: 4538 MB
node 1 cpus: 1 3 5 7 9 11 13 15 17 19 21 23
node 1 size: 18432 MB
node 1 free: 8886 MB
node distances:
node   0   1 
  0:  10  20 
  1:  20  10 
06/18/14T22:28:49
available: 2 nodes (0-1)
node 0 cpus: 0 2 4 6 8 10 12 14 16 18 20 22
node 0 size: 18386 MB
node 0 free: 4536 MB
node 1 cpus: 1 3 5 7 9 11 13 15 17 19 21 23
node 1 size: 18432 MB
node 1 free: 8886 MB
node distances:
node   0   1 
  0:  10  20 
  1:  20  10 
06/18/14T22:29:09
available: 2 nodes (0-1)
node 0 cpus: 0 2 4 6 8 10 12 14 16 18 20 22
node 0 size: 18386 MB
node 0 free: 4537 MB
node 1 cpus: 1 3 5 7 9 11 13 15 17 19 21 23
node 1 size: 18432 MB
node 1 free: 8885 MB
node distances:
node   0   1 
  0:  10  20 
  1:  20  10 
06/18/14T22:29:29
available: 2 nodes (0-1)
node 0 cpus: 0 2 4 6 8 10 12 14 16 18 20 22
node 0 size: 18386 MB
node 0 free: 4536 MB
node 1 cpus: 1 3 5 7 9 11 13 15 17 19 21 23
node 1 size: 18432 MB
node 1 free: 8885 MB
node distances:
node   0   1 
  0:  10  20 
  1:  20  10 
06/18/14T22:29:49
available: 2 nodes (0-1)
node 0 cpus: 0 2 4 6 8 10 12 14 16 18 20 22
node 0 size: 18386 MB
node 0 free: 4536 MB
node 1 cpus: 1 3 5 7 9 11 13 15 17 19 21 23
node 1 size: 18432 MB
node 1 free: 8886 MB
node distances:
node   0   1 
  0:  10  20 
  1:  20  10 
06/18/14T22:30:09
available: 2 nodes (0-1)
node 0 cpus: 0 2 4 6 8 10 12 14 16 18 20 22
node 0 size: 18386 MB
node 0 free: 4537 MB
node 1 cpus: 1 3 5 7 9 11 13 15 17 19 21 23
node 1 size: 18432 MB
node 1 free: 8884 MB
node distances:
node   0   1 
  0:  10  20 
  1:  20  10 
06/18/14T22:30:29
available: 2 nodes (0-1)
node 0 cpus: 0 2 4 6 8 10 12 14 16 18 20 22
node 0 size: 18386 MB
node 0 free: 4537 MB
node 1 cpus: 1 3 5 7 9 11 13 15 17 19 21 23
node 1 size: 18432 MB
node 1 free: 8886 MB
node distances:
node   0   1 
  0:  10  20 
  1:  20  10 
06/18/14T22:30:49
available: 2 nodes (0-1)
node 0 cpus: 0 2 4 6 8 10 12 14 16 18 20 22
node 0 size: 18386 MB
node 0 free: 4537 MB
node 1 cpus: 1 3 5 7 9 11 13 15 17 19 21 23
node 1 size: 18432 MB
node 1 free: 8886 MB
node distances:
node   0   1 
  0:  10  20 
  1:  20  10 
06/18/14T22:31:09
available: 2 nodes (0-1)
node 0 cpus: 0 2 4 6 8 10 12 14 16 18 20 22
node 0 size: 18386 MB
node 0 free: 4538 MB
node 1 cpus: 1 3 5 7 9 11 13 15 17 19 21 23
node 1 size: 18432 MB
node 1 free: 8884 MB
node distances:
node   0   1 
  0:  10  20 
  1:  20  10 
06/18/14T22:31:29
available: 2 nodes (0-1)
node 0 cpus: 0 2 4 6 8 10 12 14 16 18 20 22
node 0 size: 18386 MB
node 0 free: 4537 MB
node 1 cpus: 1 3 5 7 9 11 13 15 17 19 21 23
node 1 size: 18432 MB
node 1 free: 8885 MB
node distances:
node   0   1 
  0:  10  20 
  1:  20  10 
06/18/14T22:31:49
available: 2 nodes (0-1)
node 0 cpus: 0 2 4 6 8 10 12 14 16 18 20 22
node 0 size: 18386 MB
node 0 free: 4537 MB
node 1 cpus: 1 3 5 7 9 11 13 15 17 19 21 23
node 1 size: 18432 MB
node 1 free: 8885 MB
node distances:
node   0   1 
  0:  10  20 
  1:  20  10 
06/18/14T22:32:09
available: 2 nodes (0-1)
node 0 cpus: 0 2 4 6 8 10 12 14 16 18 20 22
node 0 size: 18386 MB
node 0 free: 4537 MB
node 1 cpus: 1 3 5 7 9 11 13 15 17 19 21 23
node 1 size: 18432 MB
node 1 free: 8885 MB
node distances:
node   0   1 
  0:  10  20 
  1:  20  10 
06/18/14T22:32:29
available: 2 nodes (0-1)
node 0 cpus: 0 2 4 6 8 10 12 14 16 18 20 22
node 0 size: 18386 MB
node 0 free: 4537 MB
node 1 cpus: 1 3 5 7 9 11 13 15 17 19 21 23
node 1 size: 18432 MB
node 1 free: 8886 MB
node distances:
node   0   1 
  0:  10  20 
  1:  20  10 
06/18/14T22:32:49
available: 2 nodes (0-1)
node 0 cpus: 0 2 4 6 8 10 12 14 16 18 20 22
node 0 size: 18386 MB
node 0 free: 4537 MB
node 1 cpus: 1 3 5 7 9 11 13 15 17 19 21 23
node 1 size: 18432 MB
node 1 free: 8886 MB
node distances:
node   0   1 
  0:  10  20 
  1:  20  10 
06/18/14T22:33:09
available: 2 nodes (0-1)
node 0 cpus: 0 2 4 6 8 10 12 14 16 18 20 22
node 0 size: 18386 MB
node 0 free: 4538 MB
node 1 cpus: 1 3 5 7 9 11 13 15 17 19 21 23
node 1 size: 18432 MB
node 1 free: 8883 MB
node distances:
node   0   1 
  0:  10  20 
  1:  20  10 
06/18/14T22:33:29
available: 2 nodes (0-1)
node 0 cpus: 0 2 4 6 8 10 12 14 16 18 20 22
node 0 size: 18386 MB
node 0 free: 4538 MB
node 1 cpus: 1 3 5 7 9 11 13 15 17 19 21 23
node 1 size: 18432 MB
node 1 free: 8885 MB
node distances:
node   0   1 
  0:  10  20 
  1:  20  10 
06/18/14T22:33:49
available: 2 nodes (0-1)
node 0 cpus: 0 2 4 6 8 10 12 14 16 18 20 22
node 0 size: 18386 MB
node 0 free: 4539 MB
node 1 cpus: 1 3 5 7 9 11 13 15 17 19 21 23
node 1 size: 18432 MB
node 1 free: 8885 MB
node distances:
node   0   1 
  0:  10  20 
  1:  20  10 
06/18/14T22:34:09
available: 2 nodes (0-1)
node 0 cpus: 0 2 4 6 8 10 12 14 16 18 20 22
node 0 size: 18386 MB
node 0 free: 4538 MB
node 1 cpus: 1 3 5 7 9 11 13 15 17 19 21 23
node 1 size: 18432 MB
node 1 free: 8885 MB
node distances:
node   0   1 
  0:  10  20 
  1:  20  10 
06/18/14T22:34:29
available: 2 nodes (0-1)
node 0 cpus: 0 2 4 6 8 10 12 14 16 18 20 22
node 0 size: 18386 MB
node 0 free: 4537 MB
node 1 cpus: 1 3 5 7 9 11 13 15 17 19 21 23
node 1 size: 18432 MB
node 1 free: 8884 MB
node distances:
node   0   1 
  0:  10  20 
  1:  20  10 
06/18/14T22:34:49
available: 2 nodes (0-1)
node 0 cpus: 0 2 4 6 8 10 12 14 16 18 20 22
node 0 size: 18386 MB
node 0 free: 4537 MB
node 1 cpus: 1 3 5 7 9 11 13 15 17 19 21 23
node 1 size: 18432 MB
node 1 free: 8885 MB
node distances:
node   0   1 
  0:  10  20 
  1:  20  10 
06/18/14T22:35:09
available: 2 nodes (0-1)
node 0 cpus: 0 2 4 6 8 10 12 14 16 18 20 22
node 0 size: 18386 MB
node 0 free: 4537 MB
node 1 cpus: 1 3 5 7 9 11 13 15 17 19 21 23
node 1 size: 18432 MB
node 1 free: 8883 MB
node distances:
node   0   1 
  0:  10  20 
  1:  20  10 
06/18/14T22:35:29
available: 2 nodes (0-1)
node 0 cpus: 0 2 4 6 8 10 12 14 16 18 20 22
node 0 size: 18386 MB
node 0 free: 4537 MB
node 1 cpus: 1 3 5 7 9 11 13 15 17 19 21 23
node 1 size: 18432 MB
node 1 free: 8884 MB
node distances:
node   0   1 
  0:  10  20 
  1:  20  10 
06/18/14T22:35:49
available: 2 nodes (0-1)
node 0 cpus: 0 2 4 6 8 10 12 14 16 18 20 22
node 0 size: 18386 MB
node 0 free: 4535 MB
node 1 cpus: 1 3 5 7 9 11 13 15 17 19 21 23
node 1 size: 18432 MB
node 1 free: 8885 MB
node distances:
node   0   1 
  0:  10  20 
  1:  20  10 
06/18/14T22:36:09
available: 2 nodes (0-1)
node 0 cpus: 0 2 4 6 8 10 12 14 16 18 20 22
node 0 size: 18386 MB
node 0 free: 4537 MB
node 1 cpus: 1 3 5 7 9 11 13 15 17 19 21 23
node 1 size: 18432 MB
node 1 free: 8883 MB
node distances:
node   0   1 
  0:  10  20 
  1:  20  10 
06/18/14T22:36:29
available: 2 nodes (0-1)
node 0 cpus: 0 2 4 6 8 10 12 14 16 18 20 22
node 0 size: 18386 MB
node 0 free: 4538 MB
node 1 cpus: 1 3 5 7 9 11 13 15 17 19 21 23
node 1 size: 18432 MB
node 1 free: 8883 MB
node distances:
node   0   1 
  0:  10  20 
  1:  20  10 
06/18/14T22:36:49
available: 2 nodes (0-1)
node 0 cpus: 0 2 4 6 8 10 12 14 16 18 20 22
node 0 size: 18386 MB
node 0 free: 4537 MB
node 1 cpus: 1 3 5 7 9 11 13 15 17 19 21 23
node 1 size: 18432 MB
node 1 free: 8884 MB
node distances:
node   0   1 
  0:  10  20 
  1:  20  10 
06/18/14T22:37:09
available: 2 nodes (0-1)
node 0 cpus: 0 2 4 6 8 10 12 14 16 18 20 22
node 0 size: 18386 MB
node 0 free: 4538 MB
node 1 cpus: 1 3 5 7 9 11 13 15 17 19 21 23
node 1 size: 18432 MB
node 1 free: 8883 MB
node distances:
node   0   1 
  0:  10  20 
  1:  20  10 
06/18/14T22:37:29
available: 2 nodes (0-1)
node 0 cpus: 0 2 4 6 8 10 12 14 16 18 20 22
node 0 size: 18386 MB
node 0 free: 4537 MB
node 1 cpus: 1 3 5 7 9 11 13 15 17 19 21 23
node 1 size: 18432 MB
node 1 free: 8884 MB
node distances:
node   0   1 
  0:  10  20 
  1:  20  10 
06/18/14T22:37:49
available: 2 nodes (0-1)
node 0 cpus: 0 2 4 6 8 10 12 14 16 18 20 22
node 0 size: 18386 MB
node 0 free: 4538 MB
node 1 cpus: 1 3 5 7 9 11 13 15 17 19 21 23
node 1 size: 18432 MB
node 1 free: 8884 MB
node distances:
node   0   1 
  0:  10  20 
  1:  20  10 
06/18/14T22:38:09
available: 2 nodes (0-1)
node 0 cpus: 0 2 4 6 8 10 12 14 16 18 20 22
node 0 size: 18386 MB
node 0 free: 4537 MB
node 1 cpus: 1 3 5 7 9 11 13 15 17 19 21 23
node 1 size: 18432 MB
node 1 free: 8884 MB
node distances:
node   0   1 
  0:  10  20 
  1:  20  10 
06/18/14T22:38:29
available: 2 nodes (0-1)
node 0 cpus: 0 2 4 6 8 10 12 14 16 18 20 22
node 0 size: 18386 MB
node 0 free: 4537 MB
node 1 cpus: 1 3 5 7 9 11 13 15 17 19 21 23
node 1 size: 18432 MB
node 1 free: 8885 MB
node distances:
node   0   1 
  0:  10  20 
  1:  20  10 
06/18/14T22:38:49
available: 2 nodes (0-1)
node 0 cpus: 0 2 4 6 8 10 12 14 16 18 20 22
node 0 size: 18386 MB
node 0 free: 4537 MB
node 1 cpus: 1 3 5 7 9 11 13 15 17 19 21 23
node 1 size: 18432 MB
node 1 free: 8883 MB
node distances:
node   0   1 
  0:  10  20 
  1:  20  10 
06/18/14T22:39:09
available: 2 nodes (0-1)
node 0 cpus: 0 2 4 6 8 10 12 14 16 18 20 22
node 0 size: 18386 MB
node 0 free: 4536 MB
node 1 cpus: 1 3 5 7 9 11 13 15 17 19 21 23
node 1 size: 18432 MB
node 1 free: 8883 MB
node distances:
node   0   1 
  0:  10  20 
  1:  20  10 
06/18/14T22:39:29
available: 2 nodes (0-1)
node 0 cpus: 0 2 4 6 8 10 12 14 16 18 20 22
node 0 size: 18386 MB
node 0 free: 4536 MB
node 1 cpus: 1 3 5 7 9 11 13 15 17 19 21 23
node 1 size: 18432 MB
node 1 free: 8883 MB
node distances:
node   0   1 
  0:  10  20 
  1:  20  10 
06/18/14T22:39:49
available: 2 nodes (0-1)
node 0 cpus: 0 2 4 6 8 10 12 14 16 18 20 22
node 0 size: 18386 MB
node 0 free: 4536 MB
node 1 cpus: 1 3 5 7 9 11 13 15 17 19 21 23
node 1 size: 18432 MB
node 1 free: 8883 MB
node distances:
node   0   1 
  0:  10  20 
  1:  20  10 
06/18/14T22:40:09
available: 2 nodes (0-1)
node 0 cpus: 0 2 4 6 8 10 12 14 16 18 20 22
node 0 size: 18386 MB
node 0 free: 4537 MB
node 1 cpus: 1 3 5 7 9 11 13 15 17 19 21 23
node 1 size: 18432 MB
node 1 free: 8882 MB
node distances:
node   0   1 
  0:  10  20 
  1:  20  10 
06/18/14T22:40:29
available: 2 nodes (0-1)
node 0 cpus: 0 2 4 6 8 10 12 14 16 18 20 22
node 0 size: 18386 MB
node 0 free: 4536 MB
node 1 cpus: 1 3 5 7 9 11 13 15 17 19 21 23
node 1 size: 18432 MB
node 1 free: 8883 MB
node distances:
node   0   1 
  0:  10  20 
  1:  20  10 
06/18/14T22:40:49
available: 2 nodes (0-1)
node 0 cpus: 0 2 4 6 8 10 12 14 16 18 20 22
node 0 size: 18386 MB
node 0 free: 4536 MB
node 1 cpus: 1 3 5 7 9 11 13 15 17 19 21 23
node 1 size: 18432 MB
node 1 free: 8883 MB
node distances:
node   0   1 
  0:  10  20 
  1:  20  10 
06/18/14T22:41:09
available: 2 nodes (0-1)
node 0 cpus: 0 2 4 6 8 10 12 14 16 18 20 22
node 0 size: 18386 MB
node 0 free: 4537 MB
node 1 cpus: 1 3 5 7 9 11 13 15 17 19 21 23
node 1 size: 18432 MB
node 1 free: 8883 MB
node distances:
node   0   1 
  0:  10  20 
  1:  20  10 
06/18/14T22:41:29
available: 2 nodes (0-1)
node 0 cpus: 0 2 4 6 8 10 12 14 16 18 20 22
node 0 size: 18386 MB
node 0 free: 4537 MB
node 1 cpus: 1 3 5 7 9 11 13 15 17 19 21 23
node 1 size: 18432 MB
node 1 free: 8883 MB
node distances:
node   0   1 
  0:  10  20 
  1:  20  10 
06/18/14T22:41:49
available: 2 nodes (0-1)
node 0 cpus: 0 2 4 6 8 10 12 14 16 18 20 22
node 0 size: 18386 MB
node 0 free: 4535 MB
node 1 cpus: 1 3 5 7 9 11 13 15 17 19 21 23
node 1 size: 18432 MB
node 1 free: 8883 MB
node distances:
node   0   1 
  0:  10  20 
  1:  20  10 
06/18/14T22:42:09
available: 2 nodes (0-1)
node 0 cpus: 0 2 4 6 8 10 12 14 16 18 20 22
node 0 size: 18386 MB
node 0 free: 4537 MB
node 1 cpus: 1 3 5 7 9 11 13 15 17 19 21 23
node 1 size: 18432 MB
node 1 free: 8882 MB
node distances:
node   0   1 
  0:  10  20 
  1:  20  10 
06/18/14T22:42:29
available: 2 nodes (0-1)
node 0 cpus: 0 2 4 6 8 10 12 14 16 18 20 22
node 0 size: 18386 MB
node 0 free: 4536 MB
node 1 cpus: 1 3 5 7 9 11 13 15 17 19 21 23
node 1 size: 18432 MB
node 1 free: 8881 MB
node distances:
node   0   1 
  0:  10  20 
  1:  20  10 
06/18/14T22:42:49
available: 2 nodes (0-1)
node 0 cpus: 0 2 4 6 8 10 12 14 16 18 20 22
node 0 size: 18386 MB
node 0 free: 4536 MB
node 1 cpus: 1 3 5 7 9 11 13 15 17 19 21 23
node 1 size: 18432 MB
node 1 free: 8883 MB
node distances:
node   0   1 
  0:  10  20 
  1:  20  10 
06/18/14T22:43:09
available: 2 nodes (0-1)
node 0 cpus: 0 2 4 6 8 10 12 14 16 18 20 22
node 0 size: 18386 MB
node 0 free: 4536 MB
node 1 cpus: 1 3 5 7 9 11 13 15 17 19 21 23
node 1 size: 18432 MB
node 1 free: 8881 MB
node distances:
node   0   1 
  0:  10  20 
  1:  20  10 
06/18/14T22:43:29
available: 2 nodes (0-1)
node 0 cpus: 0 2 4 6 8 10 12 14 16 18 20 22
node 0 size: 18386 MB
node 0 free: 4537 MB
node 1 cpus: 1 3 5 7 9 11 13 15 17 19 21 23
node 1 size: 18432 MB
node 1 free: 8882 MB
node distances:
node   0   1 
  0:  10  20 
  1:  20  10 
06/18/14T22:43:49
available: 2 nodes (0-1)
node 0 cpus: 0 2 4 6 8 10 12 14 16 18 20 22
node 0 size: 18386 MB
node 0 free: 4536 MB
node 1 cpus: 1 3 5 7 9 11 13 15 17 19 21 23
node 1 size: 18432 MB
node 1 free: 8882 MB
node distances:
node   0   1 
  0:  10  20 
  1:  20  10 
06/18/14T22:44:09
available: 2 nodes (0-1)
node 0 cpus: 0 2 4 6 8 10 12 14 16 18 20 22
node 0 size: 18386 MB
node 0 free: 4537 MB
node 1 cpus: 1 3 5 7 9 11 13 15 17 19 21 23
node 1 size: 18432 MB
node 1 free: 8881 MB
node distances:
node   0   1 
  0:  10  20 
  1:  20  10 
06/18/14T22:44:29
available: 2 nodes (0-1)
node 0 cpus: 0 2 4 6 8 10 12 14 16 18 20 22
node 0 size: 18386 MB
node 0 free: 4537 MB
node 1 cpus: 1 3 5 7 9 11 13 15 17 19 21 23
node 1 size: 18432 MB
node 1 free: 8882 MB
node distances:
node   0   1 
  0:  10  20 
  1:  20  10 
06/18/14T22:44:49
available: 2 nodes (0-1)
node 0 cpus: 0 2 4 6 8 10 12 14 16 18 20 22
node 0 size: 18386 MB
node 0 free: 4536 MB
node 1 cpus: 1 3 5 7 9 11 13 15 17 19 21 23
node 1 size: 18432 MB
node 1 free: 8883 MB
node distances:
node   0   1 
  0:  10  20 
  1:  20  10 
06/18/14T22:45:09
available: 2 nodes (0-1)
node 0 cpus: 0 2 4 6 8 10 12 14 16 18 20 22
node 0 size: 18386 MB
node 0 free: 4537 MB
node 1 cpus: 1 3 5 7 9 11 13 15 17 19 21 23
node 1 size: 18432 MB
node 1 free: 8880 MB
node distances:
node   0   1 
  0:  10  20 
  1:  20  10 
06/18/14T22:45:29
available: 2 nodes (0-1)
node 0 cpus: 0 2 4 6 8 10 12 14 16 18 20 22
node 0 size: 18386 MB
node 0 free: 4536 MB
node 1 cpus: 1 3 5 7 9 11 13 15 17 19 21 23
node 1 size: 18432 MB
node 1 free: 8881 MB
node distances:
node   0   1 
  0:  10  20 
  1:  20  10 
06/18/14T22:45:49
available: 2 nodes (0-1)
node 0 cpus: 0 2 4 6 8 10 12 14 16 18 20 22
node 0 size: 18386 MB
node 0 free: 4536 MB
node 1 cpus: 1 3 5 7 9 11 13 15 17 19 21 23
node 1 size: 18432 MB
node 1 free: 8882 MB
node distances:
node   0   1 
  0:  10  20 
  1:  20  10 
06/18/14T22:46:09
available: 2 nodes (0-1)
node 0 cpus: 0 2 4 6 8 10 12 14 16 18 20 22
node 0 size: 18386 MB
node 0 free: 4535 MB
node 1 cpus: 1 3 5 7 9 11 13 15 17 19 21 23
node 1 size: 18432 MB
node 1 free: 8882 MB
node distances:
node   0   1 
  0:  10  20 
  1:  20  10 
06/18/14T22:46:29
available: 2 nodes (0-1)
node 0 cpus: 0 2 4 6 8 10 12 14 16 18 20 22
node 0 size: 18386 MB
node 0 free: 4535 MB
node 1 cpus: 1 3 5 7 9 11 13 15 17 19 21 23
node 1 size: 18432 MB
node 1 free: 8882 MB
node distances:
node   0   1 
  0:  10  20 
  1:  20  10 
06/18/14T22:46:49
available: 2 nodes (0-1)
node 0 cpus: 0 2 4 6 8 10 12 14 16 18 20 22
node 0 size: 18386 MB
node 0 free: 4535 MB
node 1 cpus: 1 3 5 7 9 11 13 15 17 19 21 23
node 1 size: 18432 MB
node 1 free: 8882 MB
node distances:
node   0   1 
  0:  10  20 
  1:  20  10 
06/18/14T22:47:09
available: 2 nodes (0-1)
node 0 cpus: 0 2 4 6 8 10 12 14 16 18 20 22
node 0 size: 18386 MB
node 0 free: 4536 MB
node 1 cpus: 1 3 5 7 9 11 13 15 17 19 21 23
node 1 size: 18432 MB
node 1 free: 8881 MB
node distances:
node   0   1 
  0:  10  20 
  1:  20  10 
06/18/14T22:47:30
available: 2 nodes (0-1)
node 0 cpus: 0 2 4 6 8 10 12 14 16 18 20 22
node 0 size: 18386 MB
node 0 free: 4534 MB
node 1 cpus: 1 3 5 7 9 11 13 15 17 19 21 23
node 1 size: 18432 MB
node 1 free: 8882 MB
node distances:
node   0   1 
  0:  10  20 
  1:  20  10 
06/18/14T22:47:50
available: 2 nodes (0-1)
node 0 cpus: 0 2 4 6 8 10 12 14 16 18 20 22
node 0 size: 18386 MB
node 0 free: 4534 MB
node 1 cpus: 1 3 5 7 9 11 13 15 17 19 21 23
node 1 size: 18432 MB
node 1 free: 8881 MB
node distances:
node   0   1 
  0:  10  20 
  1:  20  10 
06/18/14T22:48:10
available: 2 nodes (0-1)
node 0 cpus: 0 2 4 6 8 10 12 14 16 18 20 22
node 0 size: 18386 MB
node 0 free: 4535 MB
node 1 cpus: 1 3 5 7 9 11 13 15 17 19 21 23
node 1 size: 18432 MB
node 1 free: 8880 MB
node distances:
node   0   1 
  0:  10  20 
  1:  20  10 
06/18/14T22:48:30
available: 2 nodes (0-1)
node 0 cpus: 0 2 4 6 8 10 12 14 16 18 20 22
node 0 size: 18386 MB
node 0 free: 4535 MB
node 1 cpus: 1 3 5 7 9 11 13 15 17 19 21 23
node 1 size: 18432 MB
node 1 free: 8881 MB
node distances:
node   0   1 
  0:  10  20 
  1:  20  10 
06/18/14T22:48:50
available: 2 nodes (0-1)
node 0 cpus: 0 2 4 6 8 10 12 14 16 18 20 22
node 0 size: 18386 MB
node 0 free: 4536 MB
node 1 cpus: 1 3 5 7 9 11 13 15 17 19 21 23
node 1 size: 18432 MB
node 1 free: 8881 MB
node distances:
node   0   1 
  0:  10  20 
  1:  20  10 
06/18/14T22:49:10
available: 2 nodes (0-1)
node 0 cpus: 0 2 4 6 8 10 12 14 16 18 20 22
node 0 size: 18386 MB
node 0 free: 4536 MB
node 1 cpus: 1 3 5 7 9 11 13 15 17 19 21 23
node 1 size: 18432 MB
node 1 free: 8880 MB
node distances:
node   0   1 
  0:  10  20 
  1:  20  10 
06/18/14T22:49:30
available: 2 nodes (0-1)
node 0 cpus: 0 2 4 6 8 10 12 14 16 18 20 22
node 0 size: 18386 MB
node 0 free: 4536 MB
node 1 cpus: 1 3 5 7 9 11 13 15 17 19 21 23
node 1 size: 18432 MB
node 1 free: 8882 MB
node distances:
node   0   1 
  0:  10  20 
  1:  20  10 
06/18/14T22:49:50
available: 2 nodes (0-1)
node 0 cpus: 0 2 4 6 8 10 12 14 16 18 20 22
node 0 size: 18386 MB
node 0 free: 4535 MB
node 1 cpus: 1 3 5 7 9 11 13 15 17 19 21 23
node 1 size: 18432 MB
node 1 free: 8881 MB
node distances:
node   0   1 
  0:  10  20 
  1:  20  10 
06/18/14T22:50:10
available: 2 nodes (0-1)
node 0 cpus: 0 2 4 6 8 10 12 14 16 18 20 22
node 0 size: 18386 MB
node 0 free: 4537 MB
node 1 cpus: 1 3 5 7 9 11 13 15 17 19 21 23
node 1 size: 18432 MB
node 1 free: 8880 MB
node distances:
node   0   1 
  0:  10  20 
  1:  20  10 
06/18/14T22:50:30
available: 2 nodes (0-1)
node 0 cpus: 0 2 4 6 8 10 12 14 16 18 20 22
node 0 size: 18386 MB
node 0 free: 4535 MB
node 1 cpus: 1 3 5 7 9 11 13 15 17 19 21 23
node 1 size: 18432 MB
node 1 free: 8880 MB
node distances:
node   0   1 
  0:  10  20 
  1:  20  10 
06/18/14T22:50:50
available: 2 nodes (0-1)
node 0 cpus: 0 2 4 6 8 10 12 14 16 18 20 22
node 0 size: 18386 MB
node 0 free: 4535 MB
node 1 cpus: 1 3 5 7 9 11 13 15 17 19 21 23
node 1 size: 18432 MB
node 1 free: 8881 MB
node distances:
node   0   1 
  0:  10  20 
  1:  20  10 
06/18/14T22:51:10
available: 2 nodes (0-1)
node 0 cpus: 0 2 4 6 8 10 12 14 16 18 20 22
node 0 size: 18386 MB
node 0 free: 4536 MB
node 1 cpus: 1 3 5 7 9 11 13 15 17 19 21 23
node 1 size: 18432 MB
node 1 free: 8880 MB
node distances:
node   0   1 
  0:  10  20 
  1:  20  10 
06/18/14T22:51:30
available: 2 nodes (0-1)
node 0 cpus: 0 2 4 6 8 10 12 14 16 18 20 22
node 0 size: 18386 MB
node 0 free: 4535 MB
node 1 cpus: 1 3 5 7 9 11 13 15 17 19 21 23
node 1 size: 18432 MB
node 1 free: 8880 MB
node distances:
node   0   1 
  0:  10  20 
  1:  20  10 
06/18/14T22:51:50
available: 2 nodes (0-1)
node 0 cpus: 0 2 4 6 8 10 12 14 16 18 20 22
node 0 size: 18386 MB
node 0 free: 4535 MB
node 1 cpus: 1 3 5 7 9 11 13 15 17 19 21 23
node 1 size: 18432 MB
node 1 free: 8881 MB
node distances:
node   0   1 
  0:  10  20 
  1:  20  10 
06/18/14T22:52:10
available: 2 nodes (0-1)
node 0 cpus: 0 2 4 6 8 10 12 14 16 18 20 22
node 0 size: 18386 MB
node 0 free: 4536 MB
node 1 cpus: 1 3 5 7 9 11 13 15 17 19 21 23
node 1 size: 18432 MB
node 1 free: 8880 MB
node distances:
node   0   1 
  0:  10  20 
  1:  20  10 
06/18/14T22:52:30
available: 2 nodes (0-1)
node 0 cpus: 0 2 4 6 8 10 12 14 16 18 20 22
node 0 size: 18386 MB
node 0 free: 4533 MB
node 1 cpus: 1 3 5 7 9 11 13 15 17 19 21 23
node 1 size: 18432 MB
node 1 free: 8879 MB
node distances:
node   0   1 
  0:  10  20 
  1:  20  10 
06/18/14T22:52:50
available: 2 nodes (0-1)
node 0 cpus: 0 2 4 6 8 10 12 14 16 18 20 22
node 0 size: 18386 MB
node 0 free: 4534 MB
node 1 cpus: 1 3 5 7 9 11 13 15 17 19 21 23
node 1 size: 18432 MB
node 1 free: 8879 MB
node distances:
node   0   1 
  0:  10  20 
  1:  20  10 
06/18/14T22:53:10
available: 2 nodes (0-1)
node 0 cpus: 0 2 4 6 8 10 12 14 16 18 20 22
node 0 size: 18386 MB
node 0 free: 4533 MB
node 1 cpus: 1 3 5 7 9 11 13 15 17 19 21 23
node 1 size: 18432 MB
node 1 free: 8879 MB
node distances:
node   0   1 
  0:  10  20 
  1:  20  10 
06/18/14T22:53:30
available: 2 nodes (0-1)
node 0 cpus: 0 2 4 6 8 10 12 14 16 18 20 22
node 0 size: 18386 MB
node 0 free: 4534 MB
node 1 cpus: 1 3 5 7 9 11 13 15 17 19 21 23
node 1 size: 18432 MB
node 1 free: 8879 MB
node distances:
node   0   1 
  0:  10  20 
  1:  20  10 
06/18/14T22:53:50
available: 2 nodes (0-1)
node 0 cpus: 0 2 4 6 8 10 12 14 16 18 20 22
node 0 size: 18386 MB
node 0 free: 4535 MB
node 1 cpus: 1 3 5 7 9 11 13 15 17 19 21 23
node 1 size: 18432 MB
node 1 free: 8879 MB
node distances:
node   0   1 
  0:  10  20 
  1:  20  10 
06/18/14T22:54:10
available: 2 nodes (0-1)
node 0 cpus: 0 2 4 6 8 10 12 14 16 18 20 22
node 0 size: 18386 MB
node 0 free: 4536 MB
node 1 cpus: 1 3 5 7 9 11 13 15 17 19 21 23
node 1 size: 18432 MB
node 1 free: 8880 MB
node distances:
node   0   1 
  0:  10  20 
  1:  20  10 
06/18/14T22:54:30
available: 2 nodes (0-1)
node 0 cpus: 0 2 4 6 8 10 12 14 16 18 20 22
node 0 size: 18386 MB
node 0 free: 4533 MB
node 1 cpus: 1 3 5 7 9 11 13 15 17 19 21 23
node 1 size: 18432 MB
node 1 free: 8881 MB
node distances:
node   0   1 
  0:  10  20 
  1:  20  10 
06/18/14T22:54:50
available: 2 nodes (0-1)
node 0 cpus: 0 2 4 6 8 10 12 14 16 18 20 22
node 0 size: 18386 MB
node 0 free: 4534 MB
node 1 cpus: 1 3 5 7 9 11 13 15 17 19 21 23
node 1 size: 18432 MB
node 1 free: 8880 MB
node distances:
node   0   1 
  0:  10  20 
  1:  20  10 
06/18/14T22:55:10
available: 2 nodes (0-1)
node 0 cpus: 0 2 4 6 8 10 12 14 16 18 20 22
node 0 size: 18386 MB
node 0 free: 4534 MB
node 1 cpus: 1 3 5 7 9 11 13 15 17 19 21 23
node 1 size: 18432 MB
node 1 free: 8880 MB
node distances:
node   0   1 
  0:  10  20 
  1:  20  10 
06/18/14T22:55:30
available: 2 nodes (0-1)
node 0 cpus: 0 2 4 6 8 10 12 14 16 18 20 22
node 0 size: 18386 MB
node 0 free: 4536 MB
node 1 cpus: 1 3 5 7 9 11 13 15 17 19 21 23
node 1 size: 18432 MB
node 1 free: 8879 MB
node distances:
node   0   1 
  0:  10  20 
  1:  20  10 
06/18/14T22:55:50
available: 2 nodes (0-1)
node 0 cpus: 0 2 4 6 8 10 12 14 16 18 20 22
node 0 size: 18386 MB
node 0 free: 4535 MB
node 1 cpus: 1 3 5 7 9 11 13 15 17 19 21 23
node 1 size: 18432 MB
node 1 free: 8881 MB
node distances:
node   0   1 
  0:  10  20 
  1:  20  10 
06/18/14T22:56:10
available: 2 nodes (0-1)
node 0 cpus: 0 2 4 6 8 10 12 14 16 18 20 22
node 0 size: 18386 MB
node 0 free: 4536 MB
node 1 cpus: 1 3 5 7 9 11 13 15 17 19 21 23
node 1 size: 18432 MB
node 1 free: 8879 MB
node distances:
node   0   1 
  0:  10  20 
  1:  20  10 
06/18/14T22:56:30
available: 2 nodes (0-1)
node 0 cpus: 0 2 4 6 8 10 12 14 16 18 20 22
node 0 size: 18386 MB
node 0 free: 4534 MB
node 1 cpus: 1 3 5 7 9 11 13 15 17 19 21 23
node 1 size: 18432 MB
node 1 free: 8880 MB
node distances:
node   0   1 
  0:  10  20 
  1:  20  10 
06/18/14T22:56:50
available: 2 nodes (0-1)
node 0 cpus: 0 2 4 6 8 10 12 14 16 18 20 22
node 0 size: 18386 MB
node 0 free: 4534 MB
node 1 cpus: 1 3 5 7 9 11 13 15 17 19 21 23
node 1 size: 18432 MB
node 1 free: 8880 MB
node distances:
node   0   1 
  0:  10  20 
  1:  20  10 
06/18/14T22:57:10
available: 2 nodes (0-1)
node 0 cpus: 0 2 4 6 8 10 12 14 16 18 20 22
node 0 size: 18386 MB
node 0 free: 4535 MB
node 1 cpus: 1 3 5 7 9 11 13 15 17 19 21 23
node 1 size: 18432 MB
node 1 free: 8879 MB
node distances:
node   0   1 
  0:  10  20 
  1:  20  10 
06/18/14T22:57:30
available: 2 nodes (0-1)
node 0 cpus: 0 2 4 6 8 10 12 14 16 18 20 22
node 0 size: 18386 MB
node 0 free: 4535 MB
node 1 cpus: 1 3 5 7 9 11 13 15 17 19 21 23
node 1 size: 18432 MB
node 1 free: 8878 MB
node distances:
node   0   1 
  0:  10  20 
  1:  20  10 
06/18/14T22:57:50
available: 2 nodes (0-1)
node 0 cpus: 0 2 4 6 8 10 12 14 16 18 20 22
node 0 size: 18386 MB
node 0 free: 4535 MB
node 1 cpus: 1 3 5 7 9 11 13 15 17 19 21 23
node 1 size: 18432 MB
node 1 free: 8879 MB
node distances:
node   0   1 
  0:  10  20 
  1:  20  10 
06/18/14T22:58:10
available: 2 nodes (0-1)
node 0 cpus: 0 2 4 6 8 10 12 14 16 18 20 22
node 0 size: 18386 MB
node 0 free: 4534 MB
node 1 cpus: 1 3 5 7 9 11 13 15 17 19 21 23
node 1 size: 18432 MB
node 1 free: 8879 MB
node distances:
node   0   1 
  0:  10  20 
  1:  20  10 
06/18/14T22:58:30
available: 2 nodes (0-1)
node 0 cpus: 0 2 4 6 8 10 12 14 16 18 20 22
node 0 size: 18386 MB
node 0 free: 4534 MB
node 1 cpus: 1 3 5 7 9 11 13 15 17 19 21 23
node 1 size: 18432 MB
node 1 free: 8880 MB
node distances:
node   0   1 
  0:  10  20 
  1:  20  10 
06/18/14T22:58:50
available: 2 nodes (0-1)
node 0 cpus: 0 2 4 6 8 10 12 14 16 18 20 22
node 0 size: 18386 MB
node 0 free: 4535 MB
node 1 cpus: 1 3 5 7 9 11 13 15 17 19 21 23
node 1 size: 18432 MB
node 1 free: 8879 MB
node distances:
node   0   1 
  0:  10  20 
  1:  20  10 
06/18/14T22:59:10
available: 2 nodes (0-1)
node 0 cpus: 0 2 4 6 8 10 12 14 16 18 20 22
node 0 size: 18386 MB
node 0 free: 4534 MB
node 1 cpus: 1 3 5 7 9 11 13 15 17 19 21 23
node 1 size: 18432 MB
node 1 free: 8879 MB
node distances:
node   0   1 
  0:  10  20 
  1:  20  10 
06/18/14T22:59:30
available: 2 nodes (0-1)
node 0 cpus: 0 2 4 6 8 10 12 14 16 18 20 22
node 0 size: 18386 MB
node 0 free: 4461 MB
node 1 cpus: 1 3 5 7 9 11 13 15 17 19 21 23
node 1 size: 18432 MB
node 1 free: 8679 MB
node distances:
node   0   1 
  0:  10  20 
  1:  20  10 
06/18/14T22:59:50
available: 2 nodes (0-1)
node 0 cpus: 0 2 4 6 8 10 12 14 16 18 20 22
node 0 size: 18386 MB
node 0 free: 4462 MB
node 1 cpus: 1 3 5 7 9 11 13 15 17 19 21 23
node 1 size: 18432 MB
node 1 free: 8679 MB
node distances:
node   0   1 
  0:  10  20 
  1:  20  10 
06/18/14T23:00:10
available: 2 nodes (0-1)
node 0 cpus: 0 2 4 6 8 10 12 14 16 18 20 22
node 0 size: 18386 MB
node 0 free: 4461 MB
node 1 cpus: 1 3 5 7 9 11 13 15 17 19 21 23
node 1 size: 18432 MB
node 1 free: 8679 MB
node distances:
node   0   1 
  0:  10  20 
  1:  20  10 
06/18/14T23:00:30
available: 2 nodes (0-1)
node 0 cpus: 0 2 4 6 8 10 12 14 16 18 20 22
node 0 size: 18386 MB
node 0 free: 4462 MB
node 1 cpus: 1 3 5 7 9 11 13 15 17 19 21 23
node 1 size: 18432 MB
node 1 free: 8679 MB
node distances:
node   0   1 
  0:  10  20 
  1:  20  10 
06/18/14T23:00:50
available: 2 nodes (0-1)
node 0 cpus: 0 2 4 6 8 10 12 14 16 18 20 22
node 0 size: 18386 MB
node 0 free: 4461 MB
node 1 cpus: 1 3 5 7 9 11 13 15 17 19 21 23
node 1 size: 18432 MB
node 1 free: 8679 MB
node distances:
node   0   1 
  0:  10  20 
  1:  20  10 
06/18/14T23:01:10
available: 2 nodes (0-1)
node 0 cpus: 0 2 4 6 8 10 12 14 16 18 20 22
node 0 size: 18386 MB
node 0 free: 4460 MB
node 1 cpus: 1 3 5 7 9 11 13 15 17 19 21 23
node 1 size: 18432 MB
node 1 free: 8678 MB
node distances:
node   0   1 
  0:  10  20 
  1:  20  10 
06/18/14T23:01:30
available: 2 nodes (0-1)
node 0 cpus: 0 2 4 6 8 10 12 14 16 18 20 22
node 0 size: 18386 MB
node 0 free: 4460 MB
node 1 cpus: 1 3 5 7 9 11 13 15 17 19 21 23
node 1 size: 18432 MB
node 1 free: 8678 MB
node distances:
node   0   1 
  0:  10  20 
  1:  20  10 
06/18/14T23:01:50
available: 2 nodes (0-1)
node 0 cpus: 0 2 4 6 8 10 12 14 16 18 20 22
node 0 size: 18386 MB
node 0 free: 4460 MB
node 1 cpus: 1 3 5 7 9 11 13 15 17 19 21 23
node 1 size: 18432 MB
node 1 free: 8679 MB
node distances:
node   0   1 
  0:  10  20 
  1:  20  10 
06/18/14T23:02:10
available: 2 nodes (0-1)
node 0 cpus: 0 2 4 6 8 10 12 14 16 18 20 22
node 0 size: 18386 MB
node 0 free: 4460 MB
node 1 cpus: 1 3 5 7 9 11 13 15 17 19 21 23
node 1 size: 18432 MB
node 1 free: 8678 MB
node distances:
node   0   1 
  0:  10  20 
  1:  20  10 
06/18/14T23:02:30
available: 2 nodes (0-1)
node 0 cpus: 0 2 4 6 8 10 12 14 16 18 20 22
node 0 size: 18386 MB
node 0 free: 4460 MB
node 1 cpus: 1 3 5 7 9 11 13 15 17 19 21 23
node 1 size: 18432 MB
node 1 free: 8678 MB
node distances:
node   0   1 
  0:  10  20 
  1:  20  10 
06/18/14T23:02:50
available: 2 nodes (0-1)
node 0 cpus: 0 2 4 6 8 10 12 14 16 18 20 22
node 0 size: 18386 MB
node 0 free: 4460 MB
node 1 cpus: 1 3 5 7 9 11 13 15 17 19 21 23
node 1 size: 18432 MB
node 1 free: 8678 MB
node distances:
node   0   1 
  0:  10  20 
  1:  20  10 
06/18/14T23:03:10
available: 2 nodes (0-1)
node 0 cpus: 0 2 4 6 8 10 12 14 16 18 20 22
node 0 size: 18386 MB
node 0 free: 4459 MB
node 1 cpus: 1 3 5 7 9 11 13 15 17 19 21 23
node 1 size: 18432 MB
node 1 free: 8677 MB
node distances:
node   0   1 
  0:  10  20 
  1:  20  10 
06/18/14T23:03:30
available: 2 nodes (0-1)
node 0 cpus: 0 2 4 6 8 10 12 14 16 18 20 22
node 0 size: 18386 MB
node 0 free: 4402 MB
node 1 cpus: 1 3 5 7 9 11 13 15 17 19 21 23
node 1 size: 18432 MB
node 1 free: 8657 MB
node distances:
node   0   1 
  0:  10  20 
  1:  20  10 
06/18/14T23:03:50
available: 2 nodes (0-1)
node 0 cpus: 0 2 4 6 8 10 12 14 16 18 20 22
node 0 size: 18386 MB
node 0 free: 4460 MB
node 1 cpus: 1 3 5 7 9 11 13 15 17 19 21 23
node 1 size: 18432 MB
node 1 free: 8678 MB
node distances:
node   0   1 
  0:  10  20 
  1:  20  10 
06/18/14T23:04:10
available: 2 nodes (0-1)
node 0 cpus: 0 2 4 6 8 10 12 14 16 18 20 22
node 0 size: 18386 MB
node 0 free: 4460 MB
node 1 cpus: 1 3 5 7 9 11 13 15 17 19 21 23
node 1 size: 18432 MB
node 1 free: 8678 MB
node distances:
node   0   1 
  0:  10  20 
  1:  20  10 
06/18/14T23:04:30
available: 2 nodes (0-1)
node 0 cpus: 0 2 4 6 8 10 12 14 16 18 20 22
node 0 size: 18386 MB
node 0 free: 4461 MB
node 1 cpus: 1 3 5 7 9 11 13 15 17 19 21 23
node 1 size: 18432 MB
node 1 free: 8679 MB
node distances:
node   0   1 
  0:  10  20 
  1:  20  10 
06/18/14T23:04:50
available: 2 nodes (0-1)
node 0 cpus: 0 2 4 6 8 10 12 14 16 18 20 22
node 0 size: 18386 MB
node 0 free: 4461 MB
node 1 cpus: 1 3 5 7 9 11 13 15 17 19 21 23
node 1 size: 18432 MB
node 1 free: 8679 MB
node distances:
node   0   1 
  0:  10  20 
  1:  20  10 
06/18/14T23:05:10
available: 2 nodes (0-1)
node 0 cpus: 0 2 4 6 8 10 12 14 16 18 20 22
node 0 size: 18386 MB
node 0 free: 4461 MB
node 1 cpus: 1 3 5 7 9 11 13 15 17 19 21 23
node 1 size: 18432 MB
node 1 free: 8678 MB
node distances:
node   0   1 
  0:  10  20 
  1:  20  10 
06/18/14T23:05:30
available: 2 nodes (0-1)
node 0 cpus: 0 2 4 6 8 10 12 14 16 18 20 22
node 0 size: 18386 MB
node 0 free: 4460 MB
node 1 cpus: 1 3 5 7 9 11 13 15 17 19 21 23
node 1 size: 18432 MB
node 1 free: 8678 MB
node distances:
node   0   1 
  0:  10  20 
  1:  20  10 
06/18/14T23:05:50
available: 2 nodes (0-1)
node 0 cpus: 0 2 4 6 8 10 12 14 16 18 20 22
node 0 size: 18386 MB
node 0 free: 4460 MB
node 1 cpus: 1 3 5 7 9 11 13 15 17 19 21 23
node 1 size: 18432 MB
node 1 free: 8678 MB
node distances:
node   0   1 
  0:  10  20 
  1:  20  10 
06/18/14T23:06:10
available: 2 nodes (0-1)
node 0 cpus: 0 2 4 6 8 10 12 14 16 18 20 22
node 0 size: 18386 MB
node 0 free: 4461 MB
node 1 cpus: 1 3 5 7 9 11 13 15 17 19 21 23
node 1 size: 18432 MB
node 1 free: 8677 MB
node distances:
node   0   1 
  0:  10  20 
  1:  20  10 
06/18/14T23:06:30
available: 2 nodes (0-1)
node 0 cpus: 0 2 4 6 8 10 12 14 16 18 20 22
node 0 size: 18386 MB
node 0 free: 4461 MB
node 1 cpus: 1 3 5 7 9 11 13 15 17 19 21 23
node 1 size: 18432 MB
node 1 free: 8677 MB
node distances:
node   0   1 
  0:  10  20 
  1:  20  10 
06/18/14T23:06:50
available: 2 nodes (0-1)
node 0 cpus: 0 2 4 6 8 10 12 14 16 18 20 22
node 0 size: 18386 MB
node 0 free: 4461 MB
node 1 cpus: 1 3 5 7 9 11 13 15 17 19 21 23
node 1 size: 18432 MB
node 1 free: 8678 MB
node distances:
node   0   1 
  0:  10  20 
  1:  20  10 
06/18/14T23:07:10
available: 2 nodes (0-1)
node 0 cpus: 0 2 4 6 8 10 12 14 16 18 20 22
node 0 size: 18386 MB
node 0 free: 4461 MB
node 1 cpus: 1 3 5 7 9 11 13 15 17 19 21 23
node 1 size: 18432 MB
node 1 free: 8678 MB
node distances:
node   0   1 
  0:  10  20 
  1:  20  10 
06/18/14T23:07:30
available: 2 nodes (0-1)
node 0 cpus: 0 2 4 6 8 10 12 14 16 18 20 22
node 0 size: 18386 MB
node 0 free: 4461 MB
node 1 cpus: 1 3 5 7 9 11 13 15 17 19 21 23
node 1 size: 18432 MB
node 1 free: 8677 MB
node distances:
node   0   1 
  0:  10  20 
  1:  20  10 
06/18/14T23:07:50
available: 2 nodes (0-1)
node 0 cpus: 0 2 4 6 8 10 12 14 16 18 20 22
node 0 size: 18386 MB
node 0 free: 4462 MB
node 1 cpus: 1 3 5 7 9 11 13 15 17 19 21 23
node 1 size: 18432 MB
node 1 free: 8677 MB
node distances:
node   0   1 
  0:  10  20 
  1:  20  10 
06/18/14T23:08:10
available: 2 nodes (0-1)
node 0 cpus: 0 2 4 6 8 10 12 14 16 18 20 22
node 0 size: 18386 MB
node 0 free: 4460 MB
node 1 cpus: 1 3 5 7 9 11 13 15 17 19 21 23
node 1 size: 18432 MB
node 1 free: 8677 MB
node distances:
node   0   1 
  0:  10  20 
  1:  20  10 
06/18/14T23:08:30
available: 2 nodes (0-1)
node 0 cpus: 0 2 4 6 8 10 12 14 16 18 20 22
node 0 size: 18386 MB
node 0 free: 4462 MB
node 1 cpus: 1 3 5 7 9 11 13 15 17 19 21 23
node 1 size: 18432 MB
node 1 free: 8677 MB
node distances:
node   0   1 
  0:  10  20 
  1:  20  10 
06/18/14T23:08:50
available: 2 nodes (0-1)
node 0 cpus: 0 2 4 6 8 10 12 14 16 18 20 22
node 0 size: 18386 MB
node 0 free: 4460 MB
node 1 cpus: 1 3 5 7 9 11 13 15 17 19 21 23
node 1 size: 18432 MB
node 1 free: 8678 MB
node distances:
node   0   1 
  0:  10  20 
  1:  20  10 
06/18/14T23:09:10
available: 2 nodes (0-1)
node 0 cpus: 0 2 4 6 8 10 12 14 16 18 20 22
node 0 size: 18386 MB
node 0 free: 4463 MB
node 1 cpus: 1 3 5 7 9 11 13 15 17 19 21 23
node 1 size: 18432 MB
node 1 free: 8677 MB
node distances:
node   0   1 
  0:  10  20 
  1:  20  10 
06/18/14T23:09:30
available: 2 nodes (0-1)
node 0 cpus: 0 2 4 6 8 10 12 14 16 18 20 22
node 0 size: 18386 MB
node 0 free: 4461 MB
node 1 cpus: 1 3 5 7 9 11 13 15 17 19 21 23
node 1 size: 18432 MB
node 1 free: 8678 MB
node distances:
node   0   1 
  0:  10  20 
  1:  20  10 
06/18/14T23:09:50
available: 2 nodes (0-1)
node 0 cpus: 0 2 4 6 8 10 12 14 16 18 20 22
node 0 size: 18386 MB
node 0 free: 4461 MB
node 1 cpus: 1 3 5 7 9 11 13 15 17 19 21 23
node 1 size: 18432 MB
node 1 free: 8678 MB
node distances:
node   0   1 
  0:  10  20 
  1:  20  10 
06/18/14T23:10:10
available: 2 nodes (0-1)
node 0 cpus: 0 2 4 6 8 10 12 14 16 18 20 22
node 0 size: 18386 MB
node 0 free: 4460 MB
node 1 cpus: 1 3 5 7 9 11 13 15 17 19 21 23
node 1 size: 18432 MB
node 1 free: 8676 MB
node distances:
node   0   1 
  0:  10  20 
  1:  20  10 
06/18/14T23:10:30
available: 2 nodes (0-1)
node 0 cpus: 0 2 4 6 8 10 12 14 16 18 20 22
node 0 size: 18386 MB
node 0 free: 4461 MB
node 1 cpus: 1 3 5 7 9 11 13 15 17 19 21 23
node 1 size: 18432 MB
node 1 free: 8677 MB
node distances:
node   0   1 
  0:  10  20 
  1:  20  10 
06/18/14T23:10:50
available: 2 nodes (0-1)
node 0 cpus: 0 2 4 6 8 10 12 14 16 18 20 22
node 0 size: 18386 MB
node 0 free: 4460 MB
node 1 cpus: 1 3 5 7 9 11 13 15 17 19 21 23
node 1 size: 18432 MB
node 1 free: 8677 MB
node distances:
node   0   1 
  0:  10  20 
  1:  20  10 
06/18/14T23:11:10
available: 2 nodes (0-1)
node 0 cpus: 0 2 4 6 8 10 12 14 16 18 20 22
node 0 size: 18386 MB
node 0 free: 4461 MB
node 1 cpus: 1 3 5 7 9 11 13 15 17 19 21 23
node 1 size: 18432 MB
node 1 free: 8677 MB
node distances:
node   0   1 
  0:  10  20 
  1:  20  10 
06/18/14T23:11:30
available: 2 nodes (0-1)
node 0 cpus: 0 2 4 6 8 10 12 14 16 18 20 22
node 0 size: 18386 MB
node 0 free: 4460 MB
node 1 cpus: 1 3 5 7 9 11 13 15 17 19 21 23
node 1 size: 18432 MB
node 1 free: 8677 MB
node distances:
node   0   1 
  0:  10  20 
  1:  20  10 
06/18/14T23:11:50
available: 2 nodes (0-1)
node 0 cpus: 0 2 4 6 8 10 12 14 16 18 20 22
node 0 size: 18386 MB
node 0 free: 4460 MB
node 1 cpus: 1 3 5 7 9 11 13 15 17 19 21 23
node 1 size: 18432 MB
node 1 free: 8678 MB
node distances:
node   0   1 
  0:  10  20 
  1:  20  10 
06/18/14T23:12:10
available: 2 nodes (0-1)
node 0 cpus: 0 2 4 6 8 10 12 14 16 18 20 22
node 0 size: 18386 MB
node 0 free: 4461 MB
node 1 cpus: 1 3 5 7 9 11 13 15 17 19 21 23
node 1 size: 18432 MB
node 1 free: 8677 MB
node distances:
node   0   1 
  0:  10  20 
  1:  20  10 
06/18/14T23:12:30
available: 2 nodes (0-1)
node 0 cpus: 0 2 4 6 8 10 12 14 16 18 20 22
node 0 size: 18386 MB
node 0 free: 4460 MB
node 1 cpus: 1 3 5 7 9 11 13 15 17 19 21 23
node 1 size: 18432 MB
node 1 free: 8677 MB
node distances:
node   0   1 
  0:  10  20 
  1:  20  10 
06/18/14T23:12:50
available: 2 nodes (0-1)
node 0 cpus: 0 2 4 6 8 10 12 14 16 18 20 22
node 0 size: 18386 MB
node 0 free: 4460 MB
node 1 cpus: 1 3 5 7 9 11 13 15 17 19 21 23
node 1 size: 18432 MB
node 1 free: 8677 MB
node distances:
node   0   1 
  0:  10  20 
  1:  20  10 
06/18/14T23:13:10
available: 2 nodes (0-1)
node 0 cpus: 0 2 4 6 8 10 12 14 16 18 20 22
node 0 size: 18386 MB
node 0 free: 4459 MB
node 1 cpus: 1 3 5 7 9 11 13 15 17 19 21 23
node 1 size: 18432 MB
node 1 free: 8677 MB
node distances:
node   0   1 
  0:  10  20 
  1:  20  10 
06/18/14T23:13:30
available: 2 nodes (0-1)
node 0 cpus: 0 2 4 6 8 10 12 14 16 18 20 22
node 0 size: 18386 MB
node 0 free: 4459 MB
node 1 cpus: 1 3 5 7 9 11 13 15 17 19 21 23
node 1 size: 18432 MB
node 1 free: 8678 MB
node distances:
node   0   1 
  0:  10  20 
  1:  20  10 
06/18/14T23:13:50
available: 2 nodes (0-1)
node 0 cpus: 0 2 4 6 8 10 12 14 16 18 20 22
node 0 size: 18386 MB
node 0 free: 4459 MB
node 1 cpus: 1 3 5 7 9 11 13 15 17 19 21 23
node 1 size: 18432 MB
node 1 free: 8678 MB
node distances:
node   0   1 
  0:  10  20 
  1:  20  10 
06/18/14T23:14:10
available: 2 nodes (0-1)
node 0 cpus: 0 2 4 6 8 10 12 14 16 18 20 22
node 0 size: 18386 MB
node 0 free: 4459 MB
node 1 cpus: 1 3 5 7 9 11 13 15 17 19 21 23
node 1 size: 18432 MB
node 1 free: 8676 MB
node distances:
node   0   1 
  0:  10  20 
  1:  20  10 
06/18/14T23:14:30
available: 2 nodes (0-1)
node 0 cpus: 0 2 4 6 8 10 12 14 16 18 20 22
node 0 size: 18386 MB
node 0 free: 4458 MB
node 1 cpus: 1 3 5 7 9 11 13 15 17 19 21 23
node 1 size: 18432 MB
node 1 free: 8677 MB
node distances:
node   0   1 
  0:  10  20 
  1:  20  10 
06/18/14T23:14:50
available: 2 nodes (0-1)
node 0 cpus: 0 2 4 6 8 10 12 14 16 18 20 22
node 0 size: 18386 MB
node 0 free: 4459 MB
node 1 cpus: 1 3 5 7 9 11 13 15 17 19 21 23
node 1 size: 18432 MB
node 1 free: 8677 MB
node distances:
node   0   1 
  0:  10  20 
  1:  20  10 
06/18/14T23:15:10
available: 2 nodes (0-1)
node 0 cpus: 0 2 4 6 8 10 12 14 16 18 20 22
node 0 size: 18386 MB
node 0 free: 4458 MB
node 1 cpus: 1 3 5 7 9 11 13 15 17 19 21 23
node 1 size: 18432 MB
node 1 free: 8677 MB
node distances:
node   0   1 
  0:  10  20 
  1:  20  10 
06/18/14T23:15:30
available: 2 nodes (0-1)
node 0 cpus: 0 2 4 6 8 10 12 14 16 18 20 22
node 0 size: 18386 MB
node 0 free: 4457 MB
node 1 cpus: 1 3 5 7 9 11 13 15 17 19 21 23
node 1 size: 18432 MB
node 1 free: 8677 MB
node distances:
node   0   1 
  0:  10  20 
  1:  20  10 
06/18/14T23:15:50
available: 2 nodes (0-1)
node 0 cpus: 0 2 4 6 8 10 12 14 16 18 20 22
node 0 size: 18386 MB
node 0 free: 4458 MB
node 1 cpus: 1 3 5 7 9 11 13 15 17 19 21 23
node 1 size: 18432 MB
node 1 free: 8677 MB
node distances:
node   0   1 
  0:  10  20 
  1:  20  10 
06/18/14T23:16:10
available: 2 nodes (0-1)
node 0 cpus: 0 2 4 6 8 10 12 14 16 18 20 22
node 0 size: 18386 MB
node 0 free: 4457 MB
node 1 cpus: 1 3 5 7 9 11 13 15 17 19 21 23
node 1 size: 18432 MB
node 1 free: 8676 MB
node distances:
node   0   1 
  0:  10  20 
  1:  20  10 
06/18/14T23:16:30
available: 2 nodes (0-1)
node 0 cpus: 0 2 4 6 8 10 12 14 16 18 20 22
node 0 size: 18386 MB
node 0 free: 4458 MB
node 1 cpus: 1 3 5 7 9 11 13 15 17 19 21 23
node 1 size: 18432 MB
node 1 free: 8676 MB
node distances:
node   0   1 
  0:  10  20 
  1:  20  10 
06/18/14T23:16:50
available: 2 nodes (0-1)
node 0 cpus: 0 2 4 6 8 10 12 14 16 18 20 22
node 0 size: 18386 MB
node 0 free: 4458 MB
node 1 cpus: 1 3 5 7 9 11 13 15 17 19 21 23
node 1 size: 18432 MB
node 1 free: 8677 MB
node distances:
node   0   1 
  0:  10  20 
  1:  20  10 
06/18/14T23:17:10
available: 2 nodes (0-1)
node 0 cpus: 0 2 4 6 8 10 12 14 16 18 20 22
node 0 size: 18386 MB
node 0 free: 4458 MB
node 1 cpus: 1 3 5 7 9 11 13 15 17 19 21 23
node 1 size: 18432 MB
node 1 free: 8676 MB
node distances:
node   0   1 
  0:  10  20 
  1:  20  10 
06/18/14T23:17:30
available: 2 nodes (0-1)
node 0 cpus: 0 2 4 6 8 10 12 14 16 18 20 22
node 0 size: 18386 MB
node 0 free: 4457 MB
node 1 cpus: 1 3 5 7 9 11 13 15 17 19 21 23
node 1 size: 18432 MB
node 1 free: 8677 MB
node distances:
node   0   1 
  0:  10  20 
  1:  20  10 
06/18/14T23:17:50
available: 2 nodes (0-1)
node 0 cpus: 0 2 4 6 8 10 12 14 16 18 20 22
node 0 size: 18386 MB
node 0 free: 4458 MB
node 1 cpus: 1 3 5 7 9 11 13 15 17 19 21 23
node 1 size: 18432 MB
node 1 free: 8677 MB
node distances:
node   0   1 
  0:  10  20 
  1:  20  10 
06/18/14T23:18:10
available: 2 nodes (0-1)
node 0 cpus: 0 2 4 6 8 10 12 14 16 18 20 22
node 0 size: 18386 MB
node 0 free: 4457 MB
node 1 cpus: 1 3 5 7 9 11 13 15 17 19 21 23
node 1 size: 18432 MB
node 1 free: 8675 MB
node distances:
node   0   1 
  0:  10  20 
  1:  20  10 
06/18/14T23:18:30
available: 2 nodes (0-1)
node 0 cpus: 0 2 4 6 8 10 12 14 16 18 20 22
node 0 size: 18386 MB
node 0 free: 4458 MB
node 1 cpus: 1 3 5 7 9 11 13 15 17 19 21 23
node 1 size: 18432 MB
node 1 free: 8676 MB
node distances:
node   0   1 
  0:  10  20 
  1:  20  10 
06/18/14T23:18:50
available: 2 nodes (0-1)
node 0 cpus: 0 2 4 6 8 10 12 14 16 18 20 22
node 0 size: 18386 MB
node 0 free: 4457 MB
node 1 cpus: 1 3 5 7 9 11 13 15 17 19 21 23
node 1 size: 18432 MB
node 1 free: 8678 MB
node distances:
node   0   1 
  0:  10  20 
  1:  20  10 
06/18/14T23:19:10
available: 2 nodes (0-1)
node 0 cpus: 0 2 4 6 8 10 12 14 16 18 20 22
node 0 size: 18386 MB
node 0 free: 4457 MB
node 1 cpus: 1 3 5 7 9 11 13 15 17 19 21 23
node 1 size: 18432 MB
node 1 free: 8676 MB
node distances:
node   0   1 
  0:  10  20 
  1:  20  10 
06/18/14T23:19:30
available: 2 nodes (0-1)
node 0 cpus: 0 2 4 6 8 10 12 14 16 18 20 22
node 0 size: 18386 MB
node 0 free: 4457 MB
node 1 cpus: 1 3 5 7 9 11 13 15 17 19 21 23
node 1 size: 18432 MB
node 1 free: 8677 MB
node distances:
node   0   1 
  0:  10  20 
  1:  20  10 
06/18/14T23:19:50
available: 2 nodes (0-1)
node 0 cpus: 0 2 4 6 8 10 12 14 16 18 20 22
node 0 size: 18386 MB
node 0 free: 4456 MB
node 1 cpus: 1 3 5 7 9 11 13 15 17 19 21 23
node 1 size: 18432 MB
node 1 free: 8676 MB
node distances:
node   0   1 
  0:  10  20 
  1:  20  10 
06/18/14T23:20:10
available: 2 nodes (0-1)
node 0 cpus: 0 2 4 6 8 10 12 14 16 18 20 22
node 0 size: 18386 MB
node 0 free: 4458 MB
node 1 cpus: 1 3 5 7 9 11 13 15 17 19 21 23
node 1 size: 18432 MB
node 1 free: 8676 MB
node distances:
node   0   1 
  0:  10  20 
  1:  20  10 
06/18/14T23:20:30
available: 2 nodes (0-1)
node 0 cpus: 0 2 4 6 8 10 12 14 16 18 20 22
node 0 size: 18386 MB
node 0 free: 4458 MB
node 1 cpus: 1 3 5 7 9 11 13 15 17 19 21 23
node 1 size: 18432 MB
node 1 free: 8676 MB
node distances:
node   0   1 
  0:  10  20 
  1:  20  10 
06/18/14T23:20:50
available: 2 nodes (0-1)
node 0 cpus: 0 2 4 6 8 10 12 14 16 18 20 22
node 0 size: 18386 MB
node 0 free: 4457 MB
node 1 cpus: 1 3 5 7 9 11 13 15 17 19 21 23
node 1 size: 18432 MB
node 1 free: 8677 MB
node distances:
node   0   1 
  0:  10  20 
  1:  20  10 
06/18/14T23:21:10
available: 2 nodes (0-1)
node 0 cpus: 0 2 4 6 8 10 12 14 16 18 20 22
node 0 size: 18386 MB
node 0 free: 4456 MB
node 1 cpus: 1 3 5 7 9 11 13 15 17 19 21 23
node 1 size: 18432 MB
node 1 free: 8676 MB
node distances:
node   0   1 
  0:  10  20 
  1:  20  10 
06/18/14T23:21:30
available: 2 nodes (0-1)
node 0 cpus: 0 2 4 6 8 10 12 14 16 18 20 22
node 0 size: 18386 MB
node 0 free: 4456 MB
node 1 cpus: 1 3 5 7 9 11 13 15 17 19 21 23
node 1 size: 18432 MB
node 1 free: 8676 MB
node distances:
node   0   1 
  0:  10  20 
  1:  20  10 
06/18/14T23:21:50
available: 2 nodes (0-1)
node 0 cpus: 0 2 4 6 8 10 12 14 16 18 20 22
node 0 size: 18386 MB
node 0 free: 4456 MB
node 1 cpus: 1 3 5 7 9 11 13 15 17 19 21 23
node 1 size: 18432 MB
node 1 free: 8677 MB
node distances:
node   0   1 
  0:  10  20 
  1:  20  10 
06/18/14T23:22:10
available: 2 nodes (0-1)
node 0 cpus: 0 2 4 6 8 10 12 14 16 18 20 22
node 0 size: 18386 MB
node 0 free: 4456 MB
node 1 cpus: 1 3 5 7 9 11 13 15 17 19 21 23
node 1 size: 18432 MB
node 1 free: 8676 MB
node distances:
node   0   1 
  0:  10  20 
  1:  20  10 
06/18/14T23:22:30
available: 2 nodes (0-1)
node 0 cpus: 0 2 4 6 8 10 12 14 16 18 20 22
node 0 size: 18386 MB
node 0 free: 4456 MB
node 1 cpus: 1 3 5 7 9 11 13 15 17 19 21 23
node 1 size: 18432 MB
node 1 free: 8676 MB
node distances:
node   0   1 
  0:  10  20 
  1:  20  10 
06/18/14T23:22:50
available: 2 nodes (0-1)
node 0 cpus: 0 2 4 6 8 10 12 14 16 18 20 22
node 0 size: 18386 MB
node 0 free: 4456 MB
node 1 cpus: 1 3 5 7 9 11 13 15 17 19 21 23
node 1 size: 18432 MB
node 1 free: 8676 MB
node distances:
node   0   1 
  0:  10  20 
  1:  20  10 
06/18/14T23:23:10
available: 2 nodes (0-1)
node 0 cpus: 0 2 4 6 8 10 12 14 16 18 20 22
node 0 size: 18386 MB
node 0 free: 4457 MB
node 1 cpus: 1 3 5 7 9 11 13 15 17 19 21 23
node 1 size: 18432 MB
node 1 free: 8676 MB
node distances:
node   0   1 
  0:  10  20 
  1:  20  10 
06/18/14T23:23:30
available: 2 nodes (0-1)
node 0 cpus: 0 2 4 6 8 10 12 14 16 18 20 22
node 0 size: 18386 MB
node 0 free: 4458 MB
node 1 cpus: 1 3 5 7 9 11 13 15 17 19 21 23
node 1 size: 18432 MB
node 1 free: 8676 MB
node distances:
node   0   1 
  0:  10  20 
  1:  20  10 
06/18/14T23:23:50
available: 2 nodes (0-1)
node 0 cpus: 0 2 4 6 8 10 12 14 16 18 20 22
node 0 size: 18386 MB
node 0 free: 4457 MB
node 1 cpus: 1 3 5 7 9 11 13 15 17 19 21 23
node 1 size: 18432 MB
node 1 free: 8676 MB
node distances:
node   0   1 
  0:  10  20 
  1:  20  10 
06/18/14T23:24:10
available: 2 nodes (0-1)
node 0 cpus: 0 2 4 6 8 10 12 14 16 18 20 22
node 0 size: 18386 MB
node 0 free: 4454 MB
node 1 cpus: 1 3 5 7 9 11 13 15 17 19 21 23
node 1 size: 18432 MB
node 1 free: 8677 MB
node distances:
node   0   1 
  0:  10  20 
  1:  20  10 
06/18/14T23:24:30
available: 2 nodes (0-1)
node 0 cpus: 0 2 4 6 8 10 12 14 16 18 20 22
node 0 size: 18386 MB
node 0 free: 4454 MB
node 1 cpus: 1 3 5 7 9 11 13 15 17 19 21 23
node 1 size: 18432 MB
node 1 free: 8678 MB
node distances:
node   0   1 
  0:  10  20 
  1:  20  10 
06/18/14T23:24:50
available: 2 nodes (0-1)
node 0 cpus: 0 2 4 6 8 10 12 14 16 18 20 22
node 0 size: 18386 MB
node 0 free: 4455 MB
node 1 cpus: 1 3 5 7 9 11 13 15 17 19 21 23
node 1 size: 18432 MB
node 1 free: 8678 MB
node distances:
node   0   1 
  0:  10  20 
  1:  20  10 
06/18/14T23:25:10
available: 2 nodes (0-1)
node 0 cpus: 0 2 4 6 8 10 12 14 16 18 20 22
node 0 size: 18386 MB
node 0 free: 4455 MB
node 1 cpus: 1 3 5 7 9 11 13 15 17 19 21 23
node 1 size: 18432 MB
node 1 free: 8676 MB
node distances:
node   0   1 
  0:  10  20 
  1:  20  10 
06/18/14T23:25:30
available: 2 nodes (0-1)
node 0 cpus: 0 2 4 6 8 10 12 14 16 18 20 22
node 0 size: 18386 MB
node 0 free: 4455 MB
node 1 cpus: 1 3 5 7 9 11 13 15 17 19 21 23
node 1 size: 18432 MB
node 1 free: 8677 MB
node distances:
node   0   1 
  0:  10  20 
  1:  20  10 
06/18/14T23:25:50
available: 2 nodes (0-1)
node 0 cpus: 0 2 4 6 8 10 12 14 16 18 20 22
node 0 size: 18386 MB
node 0 free: 4454 MB
node 1 cpus: 1 3 5 7 9 11 13 15 17 19 21 23
node 1 size: 18432 MB
node 1 free: 8677 MB
node distances:
node   0   1 
  0:  10  20 
  1:  20  10 
06/18/14T23:26:10
available: 2 nodes (0-1)
node 0 cpus: 0 2 4 6 8 10 12 14 16 18 20 22
node 0 size: 18386 MB
node 0 free: 4455 MB
node 1 cpus: 1 3 5 7 9 11 13 15 17 19 21 23
node 1 size: 18432 MB
node 1 free: 8677 MB
node distances:
node   0   1 
  0:  10  20 
  1:  20  10 
06/18/14T23:26:30
available: 2 nodes (0-1)
node 0 cpus: 0 2 4 6 8 10 12 14 16 18 20 22
node 0 size: 18386 MB
node 0 free: 4453 MB
node 1 cpus: 1 3 5 7 9 11 13 15 17 19 21 23
node 1 size: 18432 MB
node 1 free: 8678 MB
node distances:
node   0   1 
  0:  10  20 
  1:  20  10 
06/18/14T23:26:50
available: 2 nodes (0-1)
node 0 cpus: 0 2 4 6 8 10 12 14 16 18 20 22
node 0 size: 18386 MB
node 0 free: 4454 MB
node 1 cpus: 1 3 5 7 9 11 13 15 17 19 21 23
node 1 size: 18432 MB
node 1 free: 8677 MB
node distances:
node   0   1 
  0:  10  20 
  1:  20  10 
06/18/14T23:27:10
available: 2 nodes (0-1)
node 0 cpus: 0 2 4 6 8 10 12 14 16 18 20 22
node 0 size: 18386 MB
node 0 free: 4454 MB
node 1 cpus: 1 3 5 7 9 11 13 15 17 19 21 23
node 1 size: 18432 MB
node 1 free: 8677 MB
node distances:
node   0   1 
  0:  10  20 
  1:  20  10 
06/18/14T23:27:30
available: 2 nodes (0-1)
node 0 cpus: 0 2 4 6 8 10 12 14 16 18 20 22
node 0 size: 18386 MB
node 0 free: 4452 MB
node 1 cpus: 1 3 5 7 9 11 13 15 17 19 21 23
node 1 size: 18432 MB
node 1 free: 8678 MB
node distances:
node   0   1 
  0:  10  20 
  1:  20  10 
06/18/14T23:27:50
available: 2 nodes (0-1)
node 0 cpus: 0 2 4 6 8 10 12 14 16 18 20 22
node 0 size: 18386 MB
node 0 free: 4452 MB
node 1 cpus: 1 3 5 7 9 11 13 15 17 19 21 23
node 1 size: 18432 MB
node 1 free: 8678 MB
node distances:
node   0   1 
  0:  10  20 
  1:  20  10 
06/18/14T23:28:10
available: 2 nodes (0-1)
node 0 cpus: 0 2 4 6 8 10 12 14 16 18 20 22
node 0 size: 18386 MB
node 0 free: 4452 MB
node 1 cpus: 1 3 5 7 9 11 13 15 17 19 21 23
node 1 size: 18432 MB
node 1 free: 8678 MB
node distances:
node   0   1 
  0:  10  20 
  1:  20  10 
06/18/14T23:28:30
available: 2 nodes (0-1)
node 0 cpus: 0 2 4 6 8 10 12 14 16 18 20 22
node 0 size: 18386 MB
node 0 free: 4451 MB
node 1 cpus: 1 3 5 7 9 11 13 15 17 19 21 23
node 1 size: 18432 MB
node 1 free: 8678 MB
node distances:
node   0   1 
  0:  10  20 
  1:  20  10 
06/18/14T23:28:50
available: 2 nodes (0-1)
node 0 cpus: 0 2 4 6 8 10 12 14 16 18 20 22
node 0 size: 18386 MB
node 0 free: 4451 MB
node 1 cpus: 1 3 5 7 9 11 13 15 17 19 21 23
node 1 size: 18432 MB
node 1 free: 8678 MB
node distances:
node   0   1 
  0:  10  20 
  1:  20  10 
06/18/14T23:29:10
available: 2 nodes (0-1)
node 0 cpus: 0 2 4 6 8 10 12 14 16 18 20 22
node 0 size: 18386 MB
node 0 free: 4453 MB
node 1 cpus: 1 3 5 7 9 11 13 15 17 19 21 23
node 1 size: 18432 MB
node 1 free: 8677 MB
node distances:
node   0   1 
  0:  10  20 
  1:  20  10 
06/18/14T23:29:30
available: 2 nodes (0-1)
node 0 cpus: 0 2 4 6 8 10 12 14 16 18 20 22
node 0 size: 18386 MB
node 0 free: 4452 MB
node 1 cpus: 1 3 5 7 9 11 13 15 17 19 21 23
node 1 size: 18432 MB
node 1 free: 8678 MB
node distances:
node   0   1 
  0:  10  20 
  1:  20  10 
06/18/14T23:29:50
available: 2 nodes (0-1)
node 0 cpus: 0 2 4 6 8 10 12 14 16 18 20 22
node 0 size: 18386 MB
node 0 free: 4452 MB
node 1 cpus: 1 3 5 7 9 11 13 15 17 19 21 23
node 1 size: 18432 MB
node 1 free: 8678 MB
node distances:
node   0   1 
  0:  10  20 
  1:  20  10 
06/18/14T23:30:10
available: 2 nodes (0-1)
node 0 cpus: 0 2 4 6 8 10 12 14 16 18 20 22
node 0 size: 18386 MB
node 0 free: 4452 MB
node 1 cpus: 1 3 5 7 9 11 13 15 17 19 21 23
node 1 size: 18432 MB
node 1 free: 8678 MB
node distances:
node   0   1 
  0:  10  20 
  1:  20  10 
06/18/14T23:30:30
available: 2 nodes (0-1)
node 0 cpus: 0 2 4 6 8 10 12 14 16 18 20 22
node 0 size: 18386 MB
node 0 free: 4452 MB
node 1 cpus: 1 3 5 7 9 11 13 15 17 19 21 23
node 1 size: 18432 MB
node 1 free: 8678 MB
node distances:
node   0   1 
  0:  10  20 
  1:  20  10 
06/18/14T23:30:50
available: 2 nodes (0-1)
node 0 cpus: 0 2 4 6 8 10 12 14 16 18 20 22
node 0 size: 18386 MB
node 0 free: 4452 MB
node 1 cpus: 1 3 5 7 9 11 13 15 17 19 21 23
node 1 size: 18432 MB
node 1 free: 8678 MB
node distances:
node   0   1 
  0:  10  20 
  1:  20  10 
06/18/14T23:31:10
available: 2 nodes (0-1)
node 0 cpus: 0 2 4 6 8 10 12 14 16 18 20 22
node 0 size: 18386 MB
node 0 free: 4446 MB
node 1 cpus: 1 3 5 7 9 11 13 15 17 19 21 23
node 1 size: 18432 MB
node 1 free: 8677 MB
node distances:
node   0   1 
  0:  10  20 
  1:  20  10 
06/18/14T23:31:30
available: 2 nodes (0-1)
node 0 cpus: 0 2 4 6 8 10 12 14 16 18 20 22
node 0 size: 18386 MB
node 0 free: 4462 MB
node 1 cpus: 1 3 5 7 9 11 13 15 17 19 21 23
node 1 size: 18432 MB
node 1 free: 8687 MB
node distances:
node   0   1 
  0:  10  20 
  1:  20  10 
